---
source: crates/momus-convert/src/fhir/mod.rs
expression: plan
---
{
  "name": "FHIR IG: 2 resources, 49 tests from test.json",
  "base_url": "",
  "default_headers": {},
  "steps": [
    {
      "type": "sequence",
      "name": "patient-crud",
      "steps": [
        {
          "type": "request",
          "name": "create-patient",
          "method": "POST",
          "url": "/Patient",
          "headers": {
            "Content-Type": "application/json"
          },
          "body": {
            "id": "patient-001",
            "identifier": [
              {
                "system": "http://example.org/id",
                "value": "gen-001"
              }
            ],
            "meta": {
              "profile": [
                "http://example.org/StructureDefinition/TestPatient"
              ]
            },
            "name": [
              {
                "family": "GeneratedFamily",
                "given": [
                  "GeneratedGiven"
                ]
              }
            ],
            "resourceType": "Patient"
          },
          "assert": [
            {
              "status": 201
            }
          ],
          "save_as": "seed_patient_1",
          "soft_fail": false
        },
        {
          "type": "request",
          "name": "read-patient",
          "method": "GET",
          "url": "/Patient/{steps.seed_patient_1.id}",
          "headers": {},
          "body": null,
          "assert": [
            {
              "status": 200
            }
          ],
          "save_as": "",
          "soft_fail": false
        },
        {
          "type": "request",
          "name": "update-patient",
          "method": "PUT",
          "url": "/Patient/{steps.seed_patient_1.id}",
          "headers": {
            "Content-Type": "application/json"
          },
          "body": {
            "id": "patient-001",
            "identifier": [
              {
                "system": "http://example.org/id",
                "value": "gen-001"
              }
            ],
            "meta": {
              "profile": [
                "http://example.org/StructureDefinition/TestPatient"
              ]
            },
            "name": [
              {
                "family": "GeneratedFamily",
                "given": [
                  "GeneratedGiven"
                ]
              }
            ],
            "resourceType": "Patient"
          },
          "assert": [
            {
              "status": 200
            }
          ],
          "save_as": "",
          "soft_fail": false
        },
        {
          "type": "request",
          "name": "delete-patient",
          "method": "DELETE",
          "url": "/Patient/{steps.seed_patient_1.id}",
          "headers": {},
          "body": null,
          "assert": [
            {
              "status": 204
            }
          ],
          "save_as": "",
          "soft_fail": false
        }
      ],
      "continue_on_failure": true
    },
    {
      "type": "sequence",
      "name": "observation-crud",
      "steps": [
        {
          "type": "request",
          "name": "create-observation",
          "method": "POST",
          "url": "/Observation",
          "headers": {
            "Content-Type": "application/json"
          },
          "body": {
            "code": {
              "coding": [
                {
                  "code": "gen",
                  "system": "http://example.org/code"
                }
              ],
              "text": "generated"
            },
            "id": "observation-001",
            "meta": {
              "profile": [
                "http://example.org/StructureDefinition/TestObservation"
              ]
            },
            "resourceType": "Observation",
            "status": "final",
            "subject": {
              "reference": "Unknown/placeholder"
            }
          },
          "assert": [
            {
              "status": 201
            }
          ],
          "save_as": "seed_observation_1",
          "soft_fail": false
        },
        {
          "type": "request",
          "name": "read-observation",
          "method": "GET",
          "url": "/Observation/{steps.seed_observation_1.id}",
          "headers": {},
          "body": null,
          "assert": [
            {
              "status": 200
            }
          ],
          "save_as": "",
          "soft_fail": false
        }
      ],
      "continue_on_failure": true
    },
    {
      "type": "request",
      "name": "search-patient-name-missing-true",
      "method": "GET",
      "url": "/Patient?name:missing=true",
      "headers": {},
      "body": null,
      "assert": [
        {
          "status": 200
        }
      ],
      "save_as": "",
      "soft_fail": false
    },
    {
      "type": "request",
      "name": "search-patient-name-missing-false",
      "method": "GET",
      "url": "/Patient?name:missing=false",
      "headers": {},
      "body": null,
      "assert": [
        {
          "status": 200
        }
      ],
      "save_as": "",
      "soft_fail": false
    },
    {
      "type": "request",
      "name": "search-patient-birthdate-missing-true",
      "method": "GET",
      "url": "/Patient?birthdate:missing=true",
      "headers": {},
      "body": null,
      "assert": [
        {
          "status": 200
        }
      ],
      "save_as": "",
      "soft_fail": false
    },
    {
      "type": "request",
      "name": "search-patient-birthdate-missing-false",
      "method": "GET",
      "url": "/Patient?birthdate:missing=false",
      "headers": {},
      "body": null,
      "assert": [
        {
          "status": 200
        }
      ],
      "save_as": "",
      "soft_fail": false
    },
    {
      "type": "request",
      "name": "search-patient-name-negative-NONEXISTENT",
      "method": "GET",
      "url": "/Patient?name=NONEXISTENT",
      "headers": {},
      "body": null,
      "assert": [
        {
          "status": 200
        }
      ],
      "save_as": "",
      "soft_fail": false
    },
    {
      "type": "request",
      "name": "search-patient-_summary_true",
      "method": "GET",
      "url": "/Patient?_summary=true",
      "headers": {},
      "body": null,
      "assert": [
        {
          "status": 200
        }
      ],
      "save_as": "",
      "soft_fail": false
    },
    {
      "type": "request",
      "name": "search-patient-_count_1",
      "method": "GET",
      "url": "/Patient?_count=1",
      "headers": {},
      "body": null,
      "assert": [
        {
          "status": 200
        }
      ],
      "save_as": "",
      "soft_fail": false
    },
    {
      "type": "request",
      "name": "search-patient-_elements_id",
      "method": "GET",
      "url": "/Patient?_elements=id",
      "headers": {},
      "body": null,
      "assert": [
        {
          "status": 200
        }
      ],
      "save_as": "",
      "soft_fail": false
    },
    {
      "type": "request",
      "name": "search-patient-_sort__id",
      "method": "GET",
      "url": "/Patient?_sort=_id",
      "headers": {},
      "body": null,
      "assert": [
        {
          "status": 200
        }
      ],
      "save_as": "",
      "soft_fail": false
    },
    {
      "type": "request",
      "name": "search-patient-_filter_name eq test",
      "method": "GET",
      "url": "/Patient?_filter=name eq test",
      "headers": {},
      "body": null,
      "assert": [
        {
          "status": 200
        }
      ],
      "save_as": "",
      "soft_fail": false
    },
    {
      "type": "request",
      "name": "search-patient-_tag_http-//example.org/tag|test",
      "method": "GET",
      "url": "/Patient?_tag=http://example.org/tag|test",
      "headers": {},
      "body": null,
      "assert": [
        {
          "status": 200
        }
      ],
      "save_as": "",
      "soft_fail": false
    },
    {
      "type": "request",
      "name": "search-patient-_profile_http-//example.org/StructureDefinition/Test",
      "method": "GET",
      "url": "/Patient?_profile=http://example.org/StructureDefinition/Test",
      "headers": {},
      "body": null,
      "assert": [
        {
          "status": 200
        }
      ],
      "save_as": "",
      "soft_fail": false
    },
    {
      "type": "request",
      "name": "search-patient-_security_http-//example.org/security|test",
      "method": "GET",
      "url": "/Patient?_security=http://example.org/security|test",
      "headers": {},
      "body": null,
      "assert": [
        {
          "status": 200
        }
      ],
      "save_as": "",
      "soft_fail": false
    },
    {
      "type": "request",
      "name": "search-patient-_type_Patient",
      "method": "GET",
      "url": "/Patient?_type=Patient",
      "headers": {},
      "body": null,
      "assert": [
        {
          "status": 200
        }
      ],
      "save_as": "",
      "soft_fail": false
    },
    {
      "type": "request",
      "name": "search-patient-_language_en",
      "method": "GET",
      "url": "/Patient?_language=en",
      "headers": {},
      "body": null,
      "assert": [
        {
          "status": 200
        }
      ],
      "save_as": "",
      "soft_fail": false
    },
    {
      "type": "request",
      "name": "search-patient-_has-Provenance-target",
      "method": "GET",
      "url": "/Patient?_has:Provenance:target",
      "headers": {},
      "body": null,
      "assert": [
        {
          "status": 200
        }
      ],
      "save_as": "",
      "soft_fail": false
    },
    {
      "type": "request",
      "name": "search-observation-category-missing-true",
      "method": "GET",
      "url": "/Observation?category:missing=true",
      "headers": {},
      "body": null,
      "assert": [
        {
          "status": 200
        }
      ],
      "save_as": "",
      "soft_fail": false
    },
    {
      "type": "request",
      "name": "search-observation-category-missing-false",
      "method": "GET",
      "url": "/Observation?category:missing=false",
      "headers": {},
      "body": null,
      "assert": [
        {
          "status": 200
        }
      ],
      "save_as": "",
      "soft_fail": false
    },
    {
      "type": "request",
      "name": "search-observation-code-missing-true",
      "method": "GET",
      "url": "/Observation?code:missing=true",
      "headers": {},
      "body": null,
      "assert": [
        {
          "status": 200
        }
      ],
      "save_as": "",
      "soft_fail": false
    },
    {
      "type": "request",
      "name": "search-observation-code-missing-false",
      "method": "GET",
      "url": "/Observation?code:missing=false",
      "headers": {},
      "body": null,
      "assert": [
        {
          "status": 200
        }
      ],
      "save_as": "",
      "soft_fail": false
    },
    {
      "type": "request",
      "name": "search-observation-category-negative-NONEXISTENT",
      "method": "GET",
      "url": "/Observation?category=NONEXISTENT",
      "headers": {},
      "body": null,
      "assert": [
        {
          "status": 200
        }
      ],
      "save_as": "",
      "soft_fail": false
    },
    {
      "type": "request",
      "name": "search-observation-_summary_true",
      "method": "GET",
      "url": "/Observation?_summary=true",
      "headers": {},
      "body": null,
      "assert": [
        {
          "status": 200
        }
      ],
      "save_as": "",
      "soft_fail": false
    },
    {
      "type": "request",
      "name": "search-observation-_count_1",
      "method": "GET",
      "url": "/Observation?_count=1",
      "headers": {},
      "body": null,
      "assert": [
        {
          "status": 200
        }
      ],
      "save_as": "",
      "soft_fail": false
    },
    {
      "type": "request",
      "name": "search-observation-_elements_id",
      "method": "GET",
      "url": "/Observation?_elements=id",
      "headers": {},
      "body": null,
      "assert": [
        {
          "status": 200
        }
      ],
      "save_as": "",
      "soft_fail": false
    },
    {
      "type": "request",
      "name": "search-observation-_sort__id",
      "method": "GET",
      "url": "/Observation?_sort=_id",
      "headers": {},
      "body": null,
      "assert": [
        {
          "status": 200
        }
      ],
      "save_as": "",
      "soft_fail": false
    },
    {
      "type": "request",
      "name": "search-observation-_filter_name eq test",
      "method": "GET",
      "url": "/Observation?_filter=name eq test",
      "headers": {},
      "body": null,
      "assert": [
        {
          "status": 200
        }
      ],
      "save_as": "",
      "soft_fail": false
    },
    {
      "type": "request",
      "name": "search-observation-_tag_http-//example.org/tag|test",
      "method": "GET",
      "url": "/Observation?_tag=http://example.org/tag|test",
      "headers": {},
      "body": null,
      "assert": [
        {
          "status": 200
        }
      ],
      "save_as": "",
      "soft_fail": false
    },
    {
      "type": "request",
      "name": "search-observation-_profile_http-//example.org/StructureDefinition/Test",
      "method": "GET",
      "url": "/Observation?_profile=http://example.org/StructureDefinition/Test",
      "headers": {},
      "body": null,
      "assert": [
        {
          "status": 200
        }
      ],
      "save_as": "",
      "soft_fail": false
    },
    {
      "type": "request",
      "name": "search-observation-_security_http-//example.org/security|test",
      "method": "GET",
      "url": "/Observation?_security=http://example.org/security|test",
      "headers": {},
      "body": null,
      "assert": [
        {
          "status": 200
        }
      ],
      "save_as": "",
      "soft_fail": false
    },
    {
      "type": "request",
      "name": "search-observation-_type_Patient",
      "method": "GET",
      "url": "/Observation?_type=Patient",
      "headers": {},
      "body": null,
      "assert": [
        {
          "status": 200
        }
      ],
      "save_as": "",
      "soft_fail": false
    },
    {
      "type": "request",
      "name": "search-observation-_language_en",
      "method": "GET",
      "url": "/Observation?_language=en",
      "headers": {},
      "body": null,
      "assert": [
        {
          "status": 200
        }
      ],
      "save_as": "",
      "soft_fail": false
    },
    {
      "type": "request",
      "name": "search-observation-_has-Provenance-target",
      "method": "GET",
      "url": "/Observation?_has:Provenance:target",
      "headers": {},
      "body": null,
      "assert": [
        {
          "status": 200
        }
      ],
      "save_as": "",
      "soft_fail": false
    },
    {
      "type": "request",
      "name": "negative-patient-empty-body",
      "method": "POST",
      "url": "/Patient",
      "headers": {
        "Content-Type": "application/json"
      },
      "body": {},
      "assert": [
        {
          "status_in": [
            400,
            422
          ]
        }
      ],
      "save_as": "",
      "soft_fail": false
    },
    {
      "type": "request",
      "name": "negative-patient-wrong-type",
      "method": "POST",
      "url": "/Patient",
      "headers": {
        "Content-Type": "application/json"
      },
      "body": {
        "resourceType": "Unknown"
      },
      "assert": [
        {
          "status_in": [
            400,
            422
          ]
        }
      ],
      "save_as": "",
      "soft_fail": false
    },
    {
      "type": "request",
      "name": "negative-observation-undeclared-update",
      "method": "PUT",
      "url": "/Observation/nonexistent",
      "headers": {},
      "body": {
        "resourceType": "Observation"
      },
      "assert": [
        {
          "status_in": [
            400,
            401,
            403,
            404,
            405,
            422,
            501
          ]
        }
      ],
      "save_as": "",
      "soft_fail": false
    },
    {
      "type": "request",
      "name": "negative-observation-undeclared-delete",
      "method": "DELETE",
      "url": "/Observation/nonexistent",
      "headers": {},
      "body": null,
      "assert": [
        {
          "status_in": [
            400,
            401,
            403,
            404,
            405,
            422,
            501
          ]
        }
      ],
      "save_as": "",
      "soft_fail": false
    },
    {
      "type": "request",
      "name": "negative-observation-empty-body",
      "method": "POST",
      "url": "/Observation",
      "headers": {
        "Content-Type": "application/json"
      },
      "body": {},
      "assert": [
        {
          "status_in": [
            400,
            422
          ]
        }
      ],
      "save_as": "",
      "soft_fail": false
    },
    {
      "type": "request",
      "name": "negative-observation-wrong-type",
      "method": "POST",
      "url": "/Observation",
      "headers": {
        "Content-Type": "application/json"
      },
      "body": {
        "resourceType": "Unknown"
      },
      "assert": [
        {
          "status_in": [
            400,
            422
          ]
        }
      ],
      "save_as": "",
      "soft_fail": false
    },
    {
      "type": "request",
      "name": "conformance-patient-profile",
      "method": "GET",
      "url": "/Patient?_count=1",
      "headers": {},
      "body": null,
      "assert": [
        {
          "status": 200
        },
        {
          "json_path": {
            "path": "$.entry[0].resource.meta.profile[0]",
            "predicate": {
              "eq": "http://hl7.org/fhir/StructureDefinition/Patient"
            }
          }
        }
      ],
      "save_as": "",
      "soft_fail": false
    },
    {
      "type": "request",
      "name": "conformance-patient-mustsupport-TestPatient",
      "method": "GET",
      "url": "/Patient?_count=1",
      "headers": {},
      "body": null,
      "assert": [
        {
          "status": 200
        },
        {
          "json_path": {
            "path": "$.entry[0].resource.meta.profile",
            "predicate": {
              "every": "exists"
            }
          }
        }
      ],
      "save_as": "",
      "soft_fail": false
    },
    {
      "type": "request",
      "name": "conformance-observation-profile",
      "method": "GET",
      "url": "/Observation?_count=1",
      "headers": {},
      "body": null,
      "assert": [
        {
          "status": 200
        },
        {
          "json_path": {
            "path": "$.entry[0].resource.meta.profile[0]",
            "predicate": {
              "eq": "http://hl7.org/fhir/StructureDefinition/Observation"
            }
          }
        }
      ],
      "save_as": "",
      "soft_fail": false
    },
    {
      "type": "request",
      "name": "conformance-observation-mustsupport-TestObservation",
      "method": "GET",
      "url": "/Observation?_count=1",
      "headers": {},
      "body": null,
      "assert": [
        {
          "status": 200
        },
        {
          "json_path": {
            "path": "$.entry[0].resource.meta.profile",
            "predicate": {
              "every": "exists"
            }
          }
        }
      ],
      "save_as": "",
      "soft_fail": false
    },
    {
      "type": "request",
      "name": "search-patient-name-chained",
      "method": "GET",
      "url": "/Patient?Patient.name={value}",
      "headers": {},
      "body": null,
      "assert": [
        {
          "status": 200
        }
      ],
      "save_as": "",
      "soft_fail": false
    }
  ],
  "setup": [
    {
      "type": "request",
      "name": "setup-create-patient-1",
      "method": "POST",
      "url": "/Patient",
      "headers": {
        "Content-Type": "application/json"
      },
      "body": {
        "id": "patient-001",
        "identifier": [
          {
            "system": "http://example.org/id",
            "value": "gen-001"
          }
        ],
        "meta": {
          "profile": [
            "http://example.org/StructureDefinition/TestPatient"
          ]
        },
        "name": [
          {
            "family": "GeneratedFamily",
            "given": [
              "GeneratedGiven"
            ]
          }
        ],
        "resourceType": "Patient"
      },
      "assert": [
        {
          "status": 201
        }
      ],
      "save_as": "seed_patient_1",
      "soft_fail": false
    },
    {
      "type": "request",
      "name": "setup-create-patient-2",
      "method": "POST",
      "url": "/Patient",
      "headers": {
        "Content-Type": "application/json"
      },
      "body": {
        "id": "patient-002",
        "identifier": [
          {
            "system": "http://example.org/id",
            "value": "gen-001"
          }
        ],
        "meta": {
          "profile": [
            "http://example.org/StructureDefinition/TestPatient"
          ]
        },
        "name": [
          {
            "family": "GeneratedFamily",
            "given": [
              "GeneratedGiven"
            ]
          }
        ],
        "resourceType": "Patient"
      },
      "assert": [
        {
          "status": 201
        }
      ],
      "save_as": "seed_patient_2",
      "soft_fail": false
    },
    {
      "type": "request",
      "name": "setup-create-patient-3",
      "method": "POST",
      "url": "/Patient",
      "headers": {
        "Content-Type": "application/json"
      },
      "body": {
        "id": "patient-003",
        "identifier": [
          {
            "system": "http://example.org/id",
            "value": "gen-001"
          }
        ],
        "meta": {
          "profile": [
            "http://example.org/StructureDefinition/TestPatient"
          ]
        },
        "name": [
          {
            "family": "GeneratedFamily",
            "given": [
              "GeneratedGiven"
            ]
          }
        ],
        "resourceType": "Patient"
      },
      "assert": [
        {
          "status": 201
        }
      ],
      "save_as": "seed_patient_3",
      "soft_fail": false
    },
    {
      "type": "request",
      "name": "setup-create-observation-1",
      "method": "POST",
      "url": "/Observation",
      "headers": {
        "Content-Type": "application/json"
      },
      "body": {
        "code": {
          "coding": [
            {
              "code": "gen",
              "system": "http://example.org/code"
            }
          ],
          "text": "generated"
        },
        "id": "observation-001",
        "meta": {
          "profile": [
            "http://example.org/StructureDefinition/TestObservation"
          ]
        },
        "resourceType": "Observation",
        "status": "final",
        "subject": {
          "reference": "Unknown/placeholder"
        }
      },
      "assert": [
        {
          "status": 201
        }
      ],
      "save_as": "seed_observation_1",
      "soft_fail": false
    },
    {
      "type": "request",
      "name": "setup-create-observation-2",
      "method": "POST",
      "url": "/Observation",
      "headers": {
        "Content-Type": "application/json"
      },
      "body": {
        "code": {
          "coding": [
            {
              "code": "gen",
              "system": "http://example.org/code"
            }
          ],
          "text": "generated"
        },
        "id": "observation-002",
        "meta": {
          "profile": [
            "http://example.org/StructureDefinition/TestObservation"
          ]
        },
        "resourceType": "Observation",
        "status": "final",
        "subject": {
          "reference": "Unknown/placeholder"
        }
      },
      "assert": [
        {
          "status": 201
        }
      ],
      "save_as": "seed_observation_2",
      "soft_fail": false
    },
    {
      "type": "request",
      "name": "setup-create-observation-3",
      "method": "POST",
      "url": "/Observation",
      "headers": {
        "Content-Type": "application/json"
      },
      "body": {
        "code": {
          "coding": [
            {
              "code": "gen",
              "system": "http://example.org/code"
            }
          ],
          "text": "generated"
        },
        "id": "observation-003",
        "meta": {
          "profile": [
            "http://example.org/StructureDefinition/TestObservation"
          ]
        },
        "resourceType": "Observation",
        "status": "final",
        "subject": {
          "reference": "Unknown/placeholder"
        }
      },
      "assert": [
        {
          "status": 201
        }
      ],
      "save_as": "seed_observation_3",
      "soft_fail": false
    }
  ],
  "teardown": []
}
