---
source: crates/momus-convert/src/postman.rs
expression: plan
---
{
  "name": "Postman: Test API",
  "base_url": "",
  "default_headers": {},
  "steps": [
    {
      "type": "request",
      "name": "Health Check",
      "method": "GET",
      "url": "https://api.example.com/health",
      "headers": {
        "Accept": "application/json"
      },
      "body": null,
      "assert": [
        {
          "status": 200
        }
      ],
      "save_as": "",
      "soft_fail": false
    },
    {
      "type": "request",
      "name": "Create User",
      "method": "POST",
      "url": "https://api.example.com/users",
      "headers": {
        "Content-Type": "application/json"
      },
      "body": {
        "email": "john@test.com",
        "name": "John"
      },
      "assert": [
        {
          "status": 200
        }
      ],
      "save_as": "",
      "soft_fail": false
    },
    {
      "type": "request",
      "name": "Get User",
      "method": "GET",
      "url": "https://api.example.com/users/1",
      "headers": {},
      "body": null,
      "assert": [
        {
          "status": 200
        }
      ],
      "save_as": "",
      "soft_fail": false
    }
  ],
  "setup": [],
  "teardown": []
}
